// Jest Snapshot v1, https://goo.gl/fbAQLP

exports[`InputContainer renders correctly 1`] = `
<div
  className="input-container"
>
  Child goes here
</div>
`;
