// Jest Snapshot v1, https://goo.gl/fbAQLP

exports[`CollapsibleContent renders correctly 1`] = `
<div
  className="main use-indent collapse"
  onClick={[Function]}
  style={Object {}}
>
  Title
</div>
`;
