// Jest Snapshot v1, https://goo.gl/fbAQLP

exports[`ProgressIndicator component: renders correctly 1`] = `
<div
  className="progress-box"
>
  <div
    className="progress"
  >
    <div
      className="progress-indicator progress-indicator-complete"
    />
    <div
      className="progress-indicator progress-indicator-active"
    />
    <div
      className="progress-indicator"
    />
  </div>
</div>
`;
