// Jest Snapshot v1, https://goo.gl/fbAQLP

exports[`TurnProgression component: renders correctly 1`] = `
<div
  className="flex-content-wrapper turn-progression-ui adjudication-phase"
>
  <div
    className="turn-info-phase"
  >
    <h5>
      Turn 
      1
       - 
      adjudication
       phase
    </h5>
    <time
      dateTime="2019-10-01T02:02"
    >
      01/10/2019 02:02
    </time>
  </div>
  <div
    className="turn-info-remaining"
  >
    <span
      className="time-left"
    >
      00
      :
      00
    </span>
    <span
      className="info-helper"
    >
      Elapsed
    </span>
    <div
      className="not-initiated"
      title="Initiate wargame via Admin Panel"
    >
      WARGAME 
      <br />
       NOT INITIATED
    </div>
  </div>
</div>
`;
