// Jest Snapshot v1, https://goo.gl/fbAQLP

exports[`AdminLayout renders correctly 1`] = `
<div
  className="main"
>
  <div
    className="left-panel"
  >
    <a
      className="link main"
      href="#"
      onClick={[Function]}
    >
      <svg
        aria-hidden="true"
        className="svg-inline--fa fa-arrow-left fa-w-14 fa-2x "
        data-icon="arrow-left"
        data-prefix="fas"
        focusable="false"
        role="img"
        style={Object {}}
        viewBox="0 0 448 512"
        xmlns="http://www.w3.org/2000/svg"
      >
        <path
          d="M257.5 445.1l-22.2 22.2c-9.4 9.4-24.6 9.4-33.9 0L7 273c-9.4-9.4-9.4-24.6 0-33.9L201.4 44.7c9.4-9.4 24.6-9.4 33.9 0l22.2 22.2c9.5 9.5 9.3 25-.4 34.3L136.6 216H424c13.3 0 24 10.7 24 24v32c0 13.3-10.7 24-24 24H136.6l120.5 114.8c9.8 9.3 10 24.8.4 34.3z"
          fill="currentColor"
          style={Object {}}
        />
      </svg>
    </a>
  </div>
  <div
    className="container"
  >
    <div
      className="header"
    >
      <div
        className="main"
      >
        <div
          className="input-box item"
        >
          <section
            className="input-container disable-offset"
          >
            <div
              className="MuiFormControl-root MuiTextField-root"
            >
              <div
                className="MuiInputBase-root MuiInput-root makeStyles-root-4 makeStyles-root-6 MuiInput-underline makeStyles-underline-5 makeStyles-underline-7 MuiInputBase-formControl MuiInput-formControl"
                onClick={[Function]}
              >
                <input
                  aria-invalid={false}
                  autoFocus={false}
                  className="MuiInputBase-input MuiInput-input"
                  disabled={false}
                  name=""
                  onAnimationStart={[Function]}
                  onBlur={[Function]}
                  onChange={[Function]}
                  onFocus={[Function]}
                  required={false}
                  type="text"
                  value="Task-Group"
                />
              </div>
            </div>
          </section>
        </div>
        <div
          className="item"
        >
          <div
            className="progress-box"
          >
            <div
              className="progress"
            >
              <div
                className="progress-indicator progress-indicator-active"
              />
              <div
                className="progress-indicator"
              />
              <div
                className="progress-indicator"
              />
            </div>
          </div>
        </div>
      </div>
    </div>
    <div
      className="content"
    >
      Content
    </div>
  </div>
</div>
`;
