// Jest Snapshot v1, https://goo.gl/fbAQLP

exports[`GameAdmin renders correctly 1`] = `
<div
  className="main"
>
  <div
    className="messages"
  >
    <div
      className="message-list"
    >
      <button
        className="MuiButtonBase-root MuiButton-root MuiButton-text"
        disabled={false}
        onBlur={[Function]}
        onClick={[Function]}
        onDragLeave={[Function]}
        onFocus={[Function]}
        onKeyDown={[Function]}
        onKeyUp={[Function]}
        onMouseDown={[Function]}
        onMouseLeave={[Function]}
        onMouseUp={[Function]}
        onTouchEnd={[Function]}
        onTouchMove={[Function]}
        onTouchStart={[Function]}
        tabIndex={0}
        type="button"
      >
        <span
          className="MuiButton-label"
        >
          Mark all as read
        </span>
      </button>
    </div>
  </div>
  <div
    className="chat"
  >
    <div
      className="main"
    >
      <div
        className="new-message-creator"
      >
        <div
          className="media"
        >
          <div
            className="message-creator"
          >
            <section
              className="input-container"
            >
              <h2>
                Post message
              </h2>
              <div
                className="MuiFormControl-root MuiTextField-root"
              >
                <div
                  className="MuiInputBase-root MuiInput-root MuiInput-underline MuiInputBase-formControl MuiInput-formControl MuiInputBase-multiline MuiInput-multiline"
                  onClick={[Function]}
                >
                  <textarea
                    aria-invalid={false}
                    autoFocus={false}
                    className="MuiInputBase-input MuiInput-input MuiInputBase-inputMultiline MuiInput-inputMultiline"
                    disabled={false}
                    name="Message"
                    onAnimationStart={[Function]}
                    onBlur={[Function]}
                    onChange={[Function]}
                    onFocus={[Function]}
                    required={false}
                    rows={4}
                    value=""
                  />
                </div>
              </div>
            </section>
          </div>
        </div>
        <div
          className="send"
        >
          <button
            className="MuiButtonBase-root MuiButton-root MuiButton-text"
            disabled={false}
            onBlur={[Function]}
            onClick={[Function]}
            onDragLeave={[Function]}
            onFocus={[Function]}
            onKeyDown={[Function]}
            onKeyUp={[Function]}
            onMouseDown={[Function]}
            onMouseLeave={[Function]}
            onMouseUp={[Function]}
            onTouchEnd={[Function]}
            onTouchMove={[Function]}
            onTouchStart={[Function]}
            tabIndex={0}
            type="button"
          >
            <span
              className="MuiButton-label"
            >
              Send
            </span>
          </button>
        </div>
      </div>
    </div>
  </div>
</div>
`;
