// Jest Snapshot v1, https://goo.gl/fbAQLP

exports[`GameAdmin renders correctly 1`] = `
<div
  className="blue"
>
  This is an example component, the name provided to it was 
  test
</div>
`;
