// Jest Snapshot v1, https://goo.gl/fbAQLP

exports[`DataTable component: renders correctly 1`] = `
<div
  className="MuiTableContainer-root"
>
  <table
    className="MuiTable-root makeStyles-table-1"
    role={null}
  >
    <thead
      className="MuiTableHead-root makeStyles-tableHead-2"
      role={null}
    >
      <tr
        className="MuiTableRow-root MuiTableRow-head"
        role={null}
      >
        <th
          aria-sort={null}
          className="MuiTableCell-root MuiTableCell-head"
          scope="col"
        >
          <span>
            First column
          </span>
        </th>
        <th
          aria-sort={null}
          className="MuiTableCell-root MuiTableCell-head"
          scope="col"
        >
          <span>
            Second column
          </span>
        </th>
        <th
          aria-sort={null}
          className="MuiTableCell-root MuiTableCell-head"
          scope="col"
        >
          <span>
            Third column
          </span>
        </th>
      </tr>
    </thead>
    <tbody
      className="MuiTableBody-root makeStyles-tableBody-3"
      role={null}
    >
      <tr
        className="MuiTableRow-root makeStyles-tableRow-4 "
        onClick={[Function]}
        role={null}
      >
        <td
          aria-sort={null}
          className="MuiTableCell-root MuiTableCell-body"
        >
          <svg
            className="svg-inline--fa fa-plus"
          />
          Â 
          Row 1 Cell 1
        </td>
        <td
          aria-sort={null}
          className="MuiTableCell-root MuiTableCell-body"
        >
          Row 1 Cell 2
        </td>
        <td
          aria-sort={null}
          className="MuiTableCell-root MuiTableCell-body"
        >
          Row 1 Cell 3
        </td>
      </tr>
    </tbody>
  </table>
</div>
`;
