// Jest Snapshot v1, https://goo.gl/fbAQLP

exports[`ChannelMessageDetail: renders correctly 1`] = `
<div
  className="main"
>
  <div />
  <div />
  <div
    className="actions"
  />
</div>
`;
