// Jest Snapshot v1, https://goo.gl/fbAQLP

exports[`InfoCard renders correctly 1`] = `
<button
  className="MuiButtonBase-root MuiIconButton-root MuiIconButton-sizeSmall"
  disabled={false}
  onBlur={[Function]}
  onClick={[Function]}
  onDragLeave={[Function]}
  onFocus={[Function]}
  onKeyDown={[Function]}
  onKeyUp={[Function]}
  onMouseDown={[Function]}
  onMouseLeave={[Function]}
  onMouseUp={[Function]}
  onTouchEnd={[Function]}
  onTouchMove={[Function]}
  onTouchStart={[Function]}
  tabIndex={0}
  type="button"
>
  <span
    className="MuiIconButton-label"
  >
    <svg
      aria-hidden={true}
      className="MuiSvgIcon-root"
      focusable="false"
      viewBox="0 0 24 24"
    >
      <path
        d="M12 2C6.48 2 2 6.48 2 12s4.48 10 10 10 10-4.48 10-10S17.52 2 12 2zm1 15h-2v-6h2v6zm0-8h-2V7h2v2z"
      />
    </svg>
  </span>
</button>
`;
