// Jest Snapshot v1, https://goo.gl/fbAQLP

exports['PlanTurnForm renders correctly 1'] = `
<div
  className="form planning"
>
  <h2
    className="form-header"
  >
    Planning header
  </h2>
  <div
    className="content"
  >
    <fieldset>
      <section
        className="input-container"
      >
        <h2>
          Status
        </h2>
        <div
          aria-label="Status"
          className="MuiFormGroup-root"
          role="radiogroup"
        >
          <label
            className="MuiFormControlLabel-root"
          >
            <span
              aria-disabled={false}
              className="MuiButtonBase-root MuiIconButton-root PrivateSwitchBase-root-14 MuiRadio-root MuiRadio-colorSecondary PrivateSwitchBase-checked-15 Mui-checked MuiIconButton-colorSecondary"
              onBlur={[Function]}
              onDragLeave={[Function]}
              onFocus={[Function]}
              onKeyDown={[Function]}
              onKeyUp={[Function]}
              onMouseDown={[Function]}
              onMouseLeave={[Function]}
              onMouseUp={[Function]}
              onTouchEnd={[Function]}
              onTouchMove={[Function]}
              onTouchStart={[Function]}
              tabIndex={null}
            >
              <span
                className="MuiIconButton-label"
              >
                <input
                  checked={true}
                  className="PrivateSwitchBase-input-17"
                  name="status"
                  onChange={[Function]}
                  type="radio"
                  value="Moored"
                />
                <div
                  className="PrivateRadioButtonIcon-root-30 PrivateRadioButtonIcon-checked-32"
                >
                  <svg
                    aria-hidden="true"
                    className="MuiSvgIcon-root"
                    focusable="false"
                    role="presentation"
                    viewBox="0 0 24 24"
                  >
                    <path
                      d="M12 2C6.48 2 2 6.48 2 12s4.48 10 10 10 10-4.48 10-10S17.52 2 12 2zm0 18c-4.42 0-8-3.58-8-8s3.58-8 8-8 8 3.58 8 8-3.58 8-8 8z"
                    />
                  </svg>
                  <svg
                    aria-hidden="true"
                    className="MuiSvgIcon-root PrivateRadioButtonIcon-layer-31"
                    focusable="false"
                    role="presentation"
                    viewBox="0 0 24 24"
                  >
                    <path
                      d="M8.465 8.465C9.37 7.56 10.62 7 12 7C14.76 7 17 9.24 17 12C17 13.38 16.44 14.63 15.535 15.535C14.63 16.44 13.38 17 12 17C9.24 17 7 14.76 7 12C7 10.62 7.56 9.37 8.465 8.465Z"
                    />
                  </svg>
                </div>
              </span>
            </span>
            <span
              className="MuiTypography-root MuiFormControlLabel-label MuiTypography-body1"
            >
              Moored
            </span>
          </label>
          <label
            className="MuiFormControlLabel-root"
          >
            <span
              aria-disabled={false}
              className="MuiButtonBase-root MuiIconButton-root PrivateSwitchBase-root-14 MuiRadio-root MuiRadio-colorSecondary MuiIconButton-colorSecondary"
              onBlur={[Function]}
              onDragLeave={[Function]}
              onFocus={[Function]}
              onKeyDown={[Function]}
              onKeyUp={[Function]}
              onMouseDown={[Function]}
              onMouseLeave={[Function]}
              onMouseUp={[Function]}
              onTouchEnd={[Function]}
              onTouchMove={[Function]}
              onTouchStart={[Function]}
              tabIndex={null}
            >
              <span
                className="MuiIconButton-label"
              >
                <input
                  checked={false}
                  className="PrivateSwitchBase-input-17"
                  name="status"
                  onChange={[Function]}
                  type="radio"
                  value="Transiting"
                />
                <div
                  className="PrivateRadioButtonIcon-root-30"
                >
                  <svg
                    aria-hidden="true"
                    className="MuiSvgIcon-root"
                    focusable="false"
                    role="presentation"
                    viewBox="0 0 24 24"
                  >
                    <path
                      d="M12 2C6.48 2 2 6.48 2 12s4.48 10 10 10 10-4.48 10-10S17.52 2 12 2zm0 18c-4.42 0-8-3.58-8-8s3.58-8 8-8 8 3.58 8 8-3.58 8-8 8z"
                    />
                  </svg>
                  <svg
                    aria-hidden="true"
                    className="MuiSvgIcon-root PrivateRadioButtonIcon-layer-31"
                    focusable="false"
                    role="presentation"
                    viewBox="0 0 24 24"
                  >
                    <path
                      d="M8.465 8.465C9.37 7.56 10.62 7 12 7C14.76 7 17 9.24 17 12C17 13.38 16.44 14.63 15.535 15.535C14.63 16.44 13.38 17 12 17C9.24 17 7 14.76 7 12C7 10.62 7.56 9.37 8.465 8.465Z"
                    />
                  </svg>
                </div>
              </span>
            </span>
            <span
              className="MuiTypography-root MuiFormControlLabel-label MuiTypography-body1"
            >
              Transiting
            </span>
          </label>
        </div>
      </section>
      <section
        className="input-container"
      >
        <h2>
          For
        </h2>
        <div
          className="MuiFormControl-root MuiTextField-root"
        >
          <div
            className="MuiInputBase-root MuiInput-root MuiInput-underline MuiInputBase-formControl MuiInput-formControl"
            onClick={[Function]}
          >
            <input
              aria-invalid={false}
              autoFocus={false}
              className="MuiInputBase-input MuiInput-input"
              disabled={false}
              onAnimationStart={[Function]}
              onBlur={[Function]}
              onChange={[Function]}
              onFocus={[Function]}
              required={false}
              type="text"
              value={5}
            />
          </div>
        </div>
         Turns
      </section>
    </fieldset>
    <button
      className="MuiButtonBase-root MuiButton-root MuiButton-text"
      disabled={false}
      onBlur={[Function]}
      onDragLeave={[Function]}
      onFocus={[Function]}
      onKeyDown={[Function]}
      onKeyUp={[Function]}
      onMouseDown={[Function]}
      onMouseLeave={[Function]}
      onMouseUp={[Function]}
      onTouchEnd={[Function]}
      onTouchMove={[Function]}
      onTouchStart={[Function]}
      tabIndex={0}
      type="button"
    >
      <span
        className="MuiButton-label"
      >
        Save
      </span>
    </button>
  </div>
</div>
`
