// Jest Snapshot v1, https://goo.gl/fbAQLP

exports[`Turns renders correctly 1`] = `
<section
  className="input-container"
>
  <h2>
    For
  </h2>
  <div
    className="MuiFormControl-root MuiTextField-root"
  >
    <div
      className="MuiInputBase-root MuiInput-root MuiInput-underline MuiInputBase-formControl MuiInput-formControl"
      onClick={[Function]}
    >
      <input
        aria-invalid={false}
        autoFocus={false}
        className="MuiInputBase-input MuiInput-input"
        disabled={false}
        onAnimationStart={[Function]}
        onBlur={[Function]}
        onChange={[Function]}
        onFocus={[Function]}
        required={false}
        type="text"
        value={5}
      />
    </div>
  </div>
   Turns
</section>
`;
