// Jest Snapshot v1, https://goo.gl/fbAQLP

exports[`InsightForm renders correctly 1`] = `
<div
  className="insight-form"
>
  <div
    className="insight-title"
  >
    <svg
      aria-hidden={true}
      className="MuiSvgIcon-root MuiSvgIcon-fontSizeLarge"
      focusable="false"
      viewBox="0 0 24 24"
    >
      <path
        d="M21.99 4c0-1.1-.89-2-1.99-2H4c-1.1 0-2 .9-2 2v12c0 1.1.9 2 2 2h14l4 4-.01-18z"
      />
    </svg>
    <h3>
      Insights
    </h3>
  </div>
  <p>
    Use this form to give private feedback on the game itself.
  </p>
  <p>
    Comments are only visible to the Game Controller. No other player has access to the comments you post here.
  </p>
  <div
    className="MuiBox-root MuiBox-root-1"
  >
    <section
      className="input-container disable-offset"
    >
      <div
        className="MuiBox-root MuiBox-root-5 input-label"
      >
        Message
      </div>
      <div
        className="MuiFormControl-root MuiTextField-root MuiFormControl-fullWidth"
      >
        <div
          className="MuiInputBase-root MuiOutlinedInput-root MuiInputBase-fullWidth MuiInputBase-formControl MuiInputBase-multiline MuiOutlinedInput-multiline"
          disableUnderline={false}
          onClick={[Function]}
        >
          <textarea
            aria-invalid={false}
            autoFocus={false}
            className="MuiInputBase-input MuiOutlinedInput-input MuiInputBase-inputMultiline MuiOutlinedInput-inputMultiline"
            disabled={false}
            name="message"
            onAnimationStart={[Function]}
            onBlur={[Function]}
            onChange={[Function]}
            onFocus={[Function]}
            required={false}
            rows={4}
            value=""
          />
          <fieldset
            aria-hidden={true}
            className="PrivateNotchedOutline-root-6 MuiOutlinedInput-notchedOutline"
            style={
              Object {
                "paddingLeft": 8,
              }
            }
          >
            <legend
              className="PrivateNotchedOutline-legend-7"
              style={
                Object {
                  "width": 0.01,
                }
              }
            >
              <span
                dangerouslySetInnerHTML={
                  Object {
                    "__html": "&#8203;",
                  }
                }
              />
            </legend>
          </fieldset>
        </div>
      </div>
    </section>
  </div>
  <div
    className="MuiBox-root MuiBox-root-10"
  >
    <div
      className="MuiBox-root MuiBox-root-11"
    >
      <section
        className="input-container disable-offset"
      >
        <div
          className="MuiBox-root MuiBox-root-12 input-label"
        >
          Name: optional
        </div>
        <div
          className="MuiFormControl-root MuiTextField-root MuiFormControl-fullWidth"
        >
          <div
            className="MuiInputBase-root MuiOutlinedInput-root MuiInputBase-fullWidth MuiInputBase-formControl"
            disableUnderline={false}
            onClick={[Function]}
          >
            <input
              aria-invalid={false}
              autoFocus={false}
              className="MuiInputBase-input MuiOutlinedInput-input"
              disabled={false}
              name="name-optional"
              onAnimationStart={[Function]}
              onBlur={[Function]}
              onChange={[Function]}
              onFocus={[Function]}
              required={false}
              type="text"
              value=""
            />
            <fieldset
              aria-hidden={true}
              className="PrivateNotchedOutline-root-6 MuiOutlinedInput-notchedOutline"
              style={
                Object {
                  "paddingLeft": 8,
                }
              }
            >
              <legend
                className="PrivateNotchedOutline-legend-7"
                style={
                  Object {
                    "width": 0.01,
                  }
                }
              >
                <span
                  dangerouslySetInnerHTML={
                    Object {
                      "__html": "&#8203;",
                    }
                  }
                />
              </legend>
            </fieldset>
          </div>
        </div>
      </section>
    </div>
  </div>
  <div
    className="MuiBox-root MuiBox-root-13"
  >
    <button
      className="MuiButtonBase-root MuiButton-root MuiButton-text btn-cancel"
      disabled={false}
      onBlur={[Function]}
      onClick={[Function]}
      onDragLeave={[Function]}
      onFocus={[Function]}
      onKeyDown={[Function]}
      onKeyUp={[Function]}
      onMouseDown={[Function]}
      onMouseLeave={[Function]}
      onMouseUp={[Function]}
      onTouchEnd={[Function]}
      onTouchMove={[Function]}
      onTouchStart={[Function]}
      tabIndex={0}
      type="button"
    >
      <span
        className="MuiButton-label"
      >
        Cancel
      </span>
    </button>
    <div
      className="MuiBox-root MuiBox-root-14"
    >
      <button
        className="MuiButtonBase-root MuiButton-root MuiButton-contained MuiButton-containedPrimary"
        disabled={false}
        onBlur={[Function]}
        onClick={[Function]}
        onDragLeave={[Function]}
        onFocus={[Function]}
        onKeyDown={[Function]}
        onKeyUp={[Function]}
        onMouseDown={[Function]}
        onMouseLeave={[Function]}
        onMouseUp={[Function]}
        onTouchEnd={[Function]}
        onTouchMove={[Function]}
        onTouchStart={[Function]}
        tabIndex={0}
        type="button"
      >
        <span
          className="MuiButton-label"
        >
          Send
        </span>
      </button>
    </div>
  </div>
</div>
`;
