// Jest Snapshot v1, https://goo.gl/fbAQLP

exports[`ChatMessageSetup page: renders correctly 1`] = `
Array [
  <div>
    <div
      className="MuiBox-root MuiBox-root-1"
    >
      <div
        className="forces-in-channel"
      >
        <img
          alt=""
          className="force-indicator role-icon"
          src="./images/default_img/forceDefault.png"
          style={
            Object {
              "backgroundColor": "#0F0",
              "borderColor": "#0F0",
            }
          }
        />
      </div>
    </div>
    <div
      className="MuiBox-root MuiBox-root-3 messages-list"
      style={
        Object {
          "height": "calc(100vh - 280px)",
        }
      }
    >
      <div
        className="MuiBox-root MuiBox-root-4"
      >
        <p
          className="turn-marker"
        >
          Turn 
          0
        </p>
      </div>
      <div
        className="MuiBox-root MuiBox-root-5"
      >
        <div
          className="MuiBox-root MuiBox-root-6"
          style={
            Object {
              "float": "left",
            }
          }
        >
          <div
            className="chat-message-wrapper 
      chat-message-wrapper__other"
            style={
              Object {
                "borderLeftColor": "#FCFBEE",
              }
            }
          >
            <div
              className="message-text"
            >
              test

            </div>
            <div
              className="MuiBox-root MuiBox-root-7"
            >
              <span>
                <span
                  className="icon-private"
                >
                  <svg
                    className="svg-inline--fa fa-user-secret"
                  />
                </span>
                <span
                  className="label-private"
                >
                  Private message:
                </span>
              </span>
              <div
                className="MuiBox-root MuiBox-root-8"
              >
                <div
                  className="MuiChip-root makeStyles-root-9 makeStyles-root-12 MuiChip-sizeSmall makeStyles-sizeSmall-10"
                  onKeyDown={[Function]}
                  onKeyUp={[Function]}
                >
                  <span
                    className="MuiChip-label makeStyles-label-11 makeStyles-label-13 MuiChip-labelSmall"
                  >
                    Game Control
                  </span>
                </div>
                <span
                  className="info-body info-body__other"
                >
                  15:08
                </span>
              </div>
            </div>
            <div
              className="MuiBox-root MuiBox-root-14 private"
            >
              <div
                className="paragraph"
              >
                Private message here
              </div>
            </div>
          </div>
        </div>
      </div>
      <div
        className="MuiBox-root MuiBox-root-15"
      >
        <p
          className="turn-marker"
        >
          Turn 
          1
        </p>
      </div>
      <div
        className="MuiBox-root MuiBox-root-16"
      >
        <div
          className="MuiBox-root MuiBox-root-17"
          style={
            Object {
              "float": "right",
            }
          }
        >
          <div
            className="chat-message-wrapper 
      chat-message-wrapper__owner"
            style={
              Object {
                "borderRightColor": "#1989dc",
              }
            }
          >
            <div
              className="message-text"
            >
              Lorem ipsum do lor sit amet adipiscius elit

            </div>
            <div
              className="MuiBox-root MuiBox-root-18"
            >
              <div
                className="MuiBox-root MuiBox-root-19"
              >
                <div
                  className="MuiChip-root makeStyles-root-9 makeStyles-root-20 MuiChip-sizeSmall makeStyles-sizeSmall-10"
                  onKeyDown={[Function]}
                  onKeyUp={[Function]}
                >
                  <span
                    className="MuiChip-label makeStyles-label-11 makeStyles-label-21 MuiChip-labelSmall"
                  >
                    CO
                  </span>
                </div>
                <span
                  className="info-body info-body__owner"
                >
                  15:08
                </span>
              </div>
            </div>
          </div>
        </div>
      </div>
    </div>
  </div>,
  <div
    className="MuiBox-root MuiBox-root-22 chat-container"
  >
    <section
      className="input-container disable-offset fullwidth"
    >
      <div
        className="MuiFormControl-root MuiTextField-root MuiFormControl-fullWidth"
        onKeyDown={[Function]}
      >
        <div
          className="MuiInputBase-root MuiFilledInput-root makeStyles-root-23 MuiInputBase-fullWidth MuiInputBase-formControl MuiInputBase-multiline MuiFilledInput-multiline makeStyles-multiline-25 MuiInputBase-adornedEnd MuiFilledInput-adornedEnd"
          onClick={[Function]}
        >
          <textarea
            aria-invalid={false}
            autoFocus={false}
            className="MuiInputBase-input MuiFilledInput-input makeStyles-input-24 MuiInputBase-inputMultiline MuiFilledInput-inputMultiline MuiInputBase-inputAdornedEnd MuiFilledInput-inputAdornedEnd"
            disabled={false}
            name=""
            onAnimationStart={[Function]}
            onBlur={[Function]}
            onChange={[Function]}
            onFocus={[Function]}
            placeholder="type the text"
            required={false}
            rows={2}
            style={
              Object {
                "height": 0,
                "overflow": "hidden",
              }
            }
            value=""
          />
          <textarea
            aria-hidden={true}
            className="MuiInputBase-input MuiFilledInput-input makeStyles-input-24 MuiInputBase-inputMultiline MuiFilledInput-inputMultiline MuiInputBase-inputAdornedEnd MuiFilledInput-inputAdornedEnd"
            readOnly={true}
            style={
              Object {
                "height": 0,
                "left": 0,
                "overflow": "hidden",
                "position": "absolute",
                "top": 0,
                "transform": "translateZ(0)",
                "visibility": "hidden",
              }
            }
            tabIndex={-1}
          />
          <div
            className="MuiInputAdornment-root MuiInputAdornment-filled MuiInputAdornment-positionEnd"
          >
            <button
              className="MuiButtonBase-root MuiIconButton-root"
              disabled={false}
              onBlur={[Function]}
              onClick={[Function]}
              onDragLeave={[Function]}
              onFocus={[Function]}
              onKeyDown={[Function]}
              onKeyUp={[Function]}
              onMouseDown={[Function]}
              onMouseLeave={[Function]}
              onMouseUp={[Function]}
              onTouchEnd={[Function]}
              onTouchMove={[Function]}
              onTouchStart={[Function]}
              tabIndex={0}
              type="button"
            >
              <span
                className="MuiIconButton-label"
              >
                <svg
                  aria-hidden={true}
                  className="MuiSvgIcon-root icon-send MuiSvgIcon-fontSizeSmall"
                  focusable="false"
                  viewBox="0 0 24 24"
                >
                  <path
                    d="M4.01 6.03l7.51 3.22-7.52-1 .01-2.22m7.5 8.72L4 17.97v-2.22l7.51-1M2.01 3L2 10l15 2-15 2 .01 7L23 12 2.01 3z"
                  />
                </svg>
              </span>
              <span
                className="MuiTouchRipple-root"
              />
            </button>
          </div>
        </div>
      </div>
    </section>
    <div
      className="MuiBox-root MuiBox-root-30"
    >
      <div
        className="MuiBox-root MuiBox-root-31"
        onClick={[Function]}
      >
        <span
          className="private-badge-wrapper"
        >
          <span>
            <svg
              className="svg-inline--fa fa-paperclip"
            />
          </span>
          <span
            className="icon-private"
          >
            <svg
              className="svg-inline--fa fa-user-secret"
            />
          </span>
          <span
            className="label-private"
          >
            Private message
          </span>
        </span>
      </div>
      <div
        className="MuiBox-root MuiBox-root-32 wrap-detail wrap-detail-opened"
      >
        <section
          className="input-container disable-offset fullwidth"
        >
          <div
            className="MuiFormControl-root MuiTextField-root MuiFormControl-fullWidth"
            onKeyDown={[Function]}
          >
            <div
              className="MuiInputBase-root MuiFilledInput-root makeStyles-root-23 MuiInputBase-fullWidth MuiInputBase-formControl MuiInputBase-multiline MuiFilledInput-multiline makeStyles-multiline-25"
              onClick={[Function]}
            >
              <textarea
                aria-invalid={false}
                autoFocus={false}
                className="MuiInputBase-input MuiFilledInput-input makeStyles-input-24 MuiInputBase-inputMultiline MuiFilledInput-inputMultiline"
                disabled={false}
                name=""
                onAnimationStart={[Function]}
                onBlur={[Function]}
                onChange={[Function]}
                onFocus={[Function]}
                required={false}
                rows={2}
                style={
                  Object {
                    "height": 0,
                    "overflow": "hidden",
                  }
                }
                value=""
              />
              <textarea
                aria-hidden={true}
                className="MuiInputBase-input MuiFilledInput-input makeStyles-input-24 MuiInputBase-inputMultiline MuiFilledInput-inputMultiline"
                readOnly={true}
                style={
                  Object {
                    "height": 0,
                    "left": 0,
                    "overflow": "hidden",
                    "position": "absolute",
                    "top": 0,
                    "transform": "translateZ(0)",
                    "visibility": "hidden",
                  }
                }
                tabIndex={-1}
              />
            </div>
          </div>
        </section>
      </div>
    </div>
  </div>,
]
`;
