// Jest Snapshot v1, https://goo.gl/fbAQLP

exports[`SettingForces component: renders correctly 1`] = `
<div
  className="MuiPaper-root MuiAccordion-root accordion MuiAccordion-rounded MuiPaper-elevation1 MuiPaper-rounded"
>
  <div
    aria-disabled={false}
    aria-expanded={false}
    className="MuiButtonBase-root MuiAccordionSummary-root accordion-header"
    onBlur={[Function]}
    onClick={[Function]}
    onDragLeave={[Function]}
    onFocus={[Function]}
    onKeyDown={[Function]}
    onKeyUp={[Function]}
    onMouseDown={[Function]}
    onMouseLeave={[Function]}
    onMouseUp={[Function]}
    onTouchEnd={[Function]}
    onTouchMove={[Function]}
    onTouchStart={[Function]}
    role="button"
    tabIndex={0}
  >
    <div
      className="MuiAccordionSummary-content"
    >
      <p
        className="MuiTypography-root accordion-title MuiTypography-body1"
      >
        Assets
      </p>
    </div>
    <div
      aria-disabled={false}
      aria-hidden={true}
      className="MuiButtonBase-root MuiIconButton-root MuiAccordionSummary-expandIcon MuiIconButton-edgeEnd"
      onBlur={[Function]}
      onDragLeave={[Function]}
      onFocus={[Function]}
      onKeyDown={[Function]}
      onKeyUp={[Function]}
      onMouseDown={[Function]}
      onMouseLeave={[Function]}
      onMouseUp={[Function]}
      onTouchEnd={[Function]}
      onTouchMove={[Function]}
      onTouchStart={[Function]}
      role={null}
      tabIndex={null}
    >
      <span
        className="MuiIconButton-label"
      >
        <svg
          className="svg-inline--fa fa-caret-down"
        />
      </span>
    </div>
  </div>
  <div
    className="MuiCollapse-container MuiCollapse-hidden"
    style={
      Object {
        "minHeight": "0px",
      }
    }
  >
    <div
      className="MuiCollapse-wrapper"
    >
      <div
        className="MuiCollapse-wrapperInner"
      >
        <div
          role="region"
        >
          <div
            className="MuiAccordionDetails-root"
          >
            <div
              style={
                Object {
                  "flexGrow": 1,
                }
              }
            >
              <div
                className="MuiGrid-root MuiGrid-container MuiGrid-spacing-xs-3"
              >
                <div
                  className="MuiGrid-root MuiGrid-item MuiGrid-grid-xs-3"
                >
                  <div
                    className="icons-col"
                  >
                    <p>
                      Available platform types
                    </p>
                    <div>
                      <div
                        className="icon-item-main"
                        data-id="Fishing vessel"
                      >
                        <div
                          className="icon-box-holder"
                        >
                          <div
                            className="icon-box-content"
                          >
                            <div
                              className="icon-box"
                            >
                              <div
                                className="asset-icon platform-type-fishing-vessel item-icon"
                              />
                            </div>
                          </div>
                        </div>
                      </div>
                      <div
                        className="icon-item-main"
                        data-id="Frigate"
                      >
                        <div
                          className="icon-box-holder"
                        >
                          <div
                            className="icon-box-content"
                          >
                            <div
                              className="icon-box"
                            >
                              <div
                                className="asset-icon platform-type-frigate item-icon"
                              />
                            </div>
                          </div>
                        </div>
                      </div>
                      <div
                        className="icon-item-main"
                        data-id="Boghammer"
                      >
                        <div
                          className="icon-box-holder"
                        >
                          <div
                            className="icon-box-content"
                          >
                            <div
                              className="icon-box"
                            >
                              <div
                                className="asset-icon platform-type-boghammer item-icon"
                              />
                            </div>
                          </div>
                        </div>
                      </div>
                      <div
                        className="icon-item-main"
                        data-id="torpedo"
                      >
                        <div
                          className="icon-box-holder"
                        >
                          <div
                            className="icon-box-content"
                          >
                            <div
                              className="icon-box"
                            >
                              <div
                                className="asset-icon platform-type-torpedo item-icon"
                              />
                            </div>
                          </div>
                        </div>
                      </div>
                      <div
                        className="icon-item-main"
                        data-id="Fast attack craft"
                      >
                        <div
                          className="icon-box-holder"
                        >
                          <div
                            className="icon-box-content"
                          >
                            <div
                              className="icon-box"
                            >
                              <div
                                className="asset-icon platform-type-fast-attack-craft item-icon"
                              />
                            </div>
                          </div>
                        </div>
                      </div>
                      <div
                        className="icon-item-main"
                        data-id="MCMV"
                      >
                        <div
                          className="icon-box-holder"
                        >
                          <div
                            className="icon-box-content"
                          >
                            <div
                              className="icon-box"
                            >
                              <div
                                className="asset-icon platform-type-mcmv item-icon"
                              />
                            </div>
                          </div>
                        </div>
                      </div>
                      <div
                        className="icon-item-main"
                        data-id="Helicopter"
                      >
                        <div
                          className="icon-box-holder"
                        >
                          <div
                            className="icon-box-content"
                          >
                            <div
                              className="icon-box"
                            >
                              <div
                                className="asset-icon platform-type-helicopter item-icon"
                              />
                            </div>
                          </div>
                        </div>
                      </div>
                      <div
                        className="icon-item-main"
                        data-id="Fixed wing aircraft"
                      >
                        <div
                          className="icon-box-holder"
                        >
                          <div
                            className="icon-box-content"
                          >
                            <div
                              className="icon-box"
                            >
                              <div
                                className="asset-icon platform-type-fixed-wing-aircraft item-icon"
                              />
                            </div>
                          </div>
                        </div>
                      </div>
                      <div
                        className="icon-item-main"
                        data-id="Unmanned Airborne Vehicle"
                      >
                        <div
                          className="icon-box-holder"
                        >
                          <div
                            className="icon-box-content"
                          >
                            <div
                              className="icon-box"
                            >
                              <div
                                className="asset-icon platform-type-unmanned-airborne-vehicle item-icon"
                              />
                            </div>
                          </div>
                        </div>
                      </div>
                      <div
                        className="icon-item-main"
                        data-id="Task Group"
                      >
                        <div
                          className="icon-box-holder"
                        >
                          <div
                            className="icon-box-content"
                          >
                            <div
                              className="icon-box"
                            >
                              <div
                                className="asset-icon platform-type-task-group item-icon"
                              />
                            </div>
                          </div>
                        </div>
                      </div>
                      <div
                        className="icon-item-main"
                        data-id="Coastal radar site"
                      >
                        <div
                          className="icon-box-holder"
                        >
                          <div
                            className="icon-box-content"
                          >
                            <div
                              className="icon-box"
                            >
                              <div
                                className="asset-icon platform-type-coastal-radar-site item-icon"
                              />
                            </div>
                          </div>
                        </div>
                      </div>
                      <div
                        className="icon-item-main"
                        data-id="Merchant vessel"
                      >
                        <div
                          className="icon-box-holder"
                        >
                          <div
                            className="icon-box-content"
                          >
                            <div
                              className="icon-box"
                            >
                              <div
                                className="asset-icon platform-type-merchant-vessel item-icon"
                              />
                            </div>
                          </div>
                        </div>
                      </div>
                    </div>
                  </div>
                </div>
                <div
                  className="MuiGrid-root MuiGrid-item MuiGrid-grid-xs-5"
                >
                  <div
                    className="assets-list-box"
                  >
                    <p>
                      List of assets
                    </p>
                    <div
                      className="assets-list-scrollable-box"
                    >
                      <ul
                        className="MuiList-root MuiList-dense MuiList-padding"
                      >
                        <div />
                      </ul>
                    </div>
                  </div>
                </div>
                <div
                  className="MuiGrid-root MuiGrid-item MuiGrid-grid-xs-4"
                />
              </div>
            </div>
          </div>
        </div>
      </div>
    </div>
  </div>
</div>
`;
