// Jest Snapshot v1, https://goo.gl/fbAQLP

exports[`ChatMessagesList renders correctly renders component correctly 1`] = `
<div>
  <div
    className="MuiBox-root MuiBox-root-1"
  >
    <div
      className="forces-in-channel"
    >
      <img
        alt=""
        className="force-indicator role-icon"
        src="./images/default_img/forceDefault.png"
        style={
          Object {
            "backgroundColor": "#F00",
            "borderColor": "#F00",
          }
        }
      />
      <button
        className="MuiButtonBase-root MuiButton-root makeStyles-root-2 MuiButton-text MuiButton-textSecondary"
        disabled={false}
        onBlur={[Function]}
        onClick={[Function]}
        onDragLeave={[Function]}
        onFocus={[Function]}
        onKeyDown={[Function]}
        onKeyUp={[Function]}
        onMouseDown={[Function]}
        onMouseLeave={[Function]}
        onMouseUp={[Function]}
        onTouchEnd={[Function]}
        onTouchMove={[Function]}
        onTouchStart={[Function]}
        tabIndex={0}
        type="button"
      >
        <span
          className="MuiButton-label"
        >
          Mark all read
        </span>
      </button>
    </div>
  </div>
  <div
    className="MuiBox-root MuiBox-root-3 messages-list"
    style={
      Object {
        "height": "calc(100vh - 280px)",
      }
    }
  >
    <div
      className="MuiBox-root MuiBox-root-4"
    >
      <div
        className="MuiBox-root MuiBox-root-5"
        style={
          Object {
            "float": "left",
          }
        }
      >
        <div
          className="chat-message-wrapper 
      chat-message-wrapper__other"
          style={
            Object {
              "borderLeftColor": "#FCFBEE",
            }
          }
        >
          <div
            className="message-text"
          >
            Content of message
          </div>
          <div
            className="MuiBox-root MuiBox-root-6"
          >
            <span>
              <span
                className="icon-private"
              >
                <svg
                  className="svg-inline--fa fa-user-secret"
                />
              </span>
              <span
                className="label-private"
              >
                Private message:
              </span>
            </span>
            <div
              className="MuiBox-root MuiBox-root-7"
            >
              <div
                className="MuiChip-root makeStyles-root-8 makeStyles-root-11 MuiChip-sizeSmall makeStyles-sizeSmall-9"
                onKeyDown={[Function]}
                onKeyUp={[Function]}
              >
                <span
                  className="MuiChip-label makeStyles-label-10 makeStyles-label-12 MuiChip-labelSmall"
                >
                  Game Control
                </span>
              </div>
              <span
                className="info-body info-body__other"
              >
                05:41
              </span>
            </div>
          </div>
          <div
            className="MuiBox-root MuiBox-root-13 private"
          >
            <div
              className="paragraph"
            >
              Private weather message
            </div>
          </div>
        </div>
      </div>
    </div>
  </div>
</div>
`;
