// Jest Snapshot v1, https://goo.gl/fbAQLP

exports[`sortable-list renders correctly 1`] = `
<div
  className="main"
>
  <ul>
    <li
      className="li"
      data-id="0"
      onClick={[Function]}
    >
      <div
        className="drag"
      >
        <span>
          <div
            onClick={[Function]}
          >
            <svg
              className="svg-inline--fa fa-grip-vertical"
            />
          </div>
        </span>
      </div>
      <div
        className="presection"
      >
        <section
          className="section"
        >
          <input
            onChange={[Function]}
            type="text"
            value="list item 1"
          />
          <span>
            <div
              onClick={[Function]}
            >
              <svg
                className="svg-inline--fa fa-times"
              />
            </div>
          </span>
        </section>
      </div>
    </li>
    <li
      className="li"
      data-id="1"
      onClick={[Function]}
    >
      <div
        className="drag"
      >
        <span>
          <div
            onClick={[Function]}
          >
            <svg
              className="svg-inline--fa fa-grip-vertical"
            />
          </div>
        </span>
      </div>
      <div
        className="presection"
      >
        <section
          className="section"
        >
          <input
            onChange={[Function]}
            type="text"
            value="list item 2"
          />
          <span>
            <div
              onClick={[Function]}
            >
              <svg
                className="svg-inline--fa fa-times"
              />
            </div>
          </span>
        </section>
      </div>
    </li>
  </ul>
  <div
    className="add-section"
  >
    <button
      className="button"
      onClick={[Function]}
    >
      Add
    </button>
  </div>
</div>
`;
