// Jest Snapshot v1, https://goo.gl/fbAQLP

exports[`MessageCreator renders correctly 1`] = `
<div>
  <section
    className="input-container"
  >
    <div
      className="MuiFormControl-root MuiTextField-root"
    >
      <div
        className="MuiInputBase-root MuiInput-root MuiInput-underline MuiInputBase-formControl MuiInput-formControl MuiInputBase-multiline MuiInput-multiline"
        onClick={[Function]}
      >
        <textarea
          aria-invalid={false}
          autoFocus={false}
          className="MuiInputBase-input MuiInput-input MuiInputBase-inputMultiline MuiInput-inputMultiline"
          disabled={false}
          onAnimationStart={[Function]}
          onBlur={[Function]}
          onChange={[Function]}
          onFocus={[Function]}
          required={false}
          rows={2}
        />
      </div>
    </div>
    <button
      className="MuiButtonBase-root MuiButton-root MuiButton-text"
      disabled={false}
      onBlur={[Function]}
      onDragLeave={[Function]}
      onFocus={[Function]}
      onKeyDown={[Function]}
      onKeyUp={[Function]}
      onMouseDown={[Function]}
      onMouseLeave={[Function]}
      onMouseUp={[Function]}
      onTouchEnd={[Function]}
      onTouchMove={[Function]}
      onTouchStart={[Function]}
      tabIndex={0}
      type="button"
    >
      <span
        className="MuiButton-label"
      >
        Send
      </span>
    </button>
  </section>
</div>
`;
