// Jest Snapshot v1, https://goo.gl/fbAQLP

exports[`SettingPlatformTypes component: renders correctly 1`] = `
<div
  className="main"
>
  <div
    className="left"
  >
    <div
      className="main"
    >
      <div
        className="section"
      >
        <button
          aria-controls="channel-add-menu"
          aria-haspopup="true"
          className="MuiButtonBase-root MuiButton-root makeStyles-root-5 makeStyles-root-7 MuiButton-contained makeStyles-contained-6 makeStyles-contained-8 MuiButton-containedSecondary MuiButton-containedSizeLarge MuiButton-sizeLarge"
          data-qa-type="add"
          disabled={false}
          onBlur={[Function]}
          onClick={[Function]}
          onDragLeave={[Function]}
          onFocus={[Function]}
          onKeyDown={[Function]}
          onKeyUp={[Function]}
          onMouseDown={[Function]}
          onMouseLeave={[Function]}
          onMouseUp={[Function]}
          onTouchEnd={[Function]}
          onTouchMove={[Function]}
          onTouchStart={[Function]}
          tabIndex={0}
          type="button"
        >
          <span
            className="MuiButton-label"
          >
            Create
          </span>
        </button>
      </div>
      <div
        className="searchlist"
      >
        <section
          className="input-container disable-offset fullwidth"
        >
          <div
            className="MuiFormControl-root MuiTextField-root MuiFormControl-fullWidth"
          >
            <div
              className="MuiInputBase-root MuiInput-root makeStyles-root-12 makeStyles-root-14 MuiInput-underline makeStyles-underline-13 makeStyles-underline-15 MuiInputBase-fullWidth MuiInput-fullWidth MuiInputBase-formControl MuiInput-formControl"
              onClick={[Function]}
            >
              <input
                aria-invalid={false}
                autoFocus={false}
                className="MuiInputBase-input MuiInput-input"
                disabled={false}
                name=""
                onAnimationStart={[Function]}
                onBlur={[Function]}
                onChange={[Function]}
                onFocus={[Function]}
                placeholder="Search"
                required={false}
                type="text"
                value=""
              />
            </div>
          </div>
        </section>
        <div
          className="searchlist-list searchlist-list"
        >
          <span
            className="searchlist-row "
          >
            <span
              onClick={[Function]}
            >
              Fishing vessel
            </span>
            <div
              className="searchlist-menu"
            >
              <svg
                className="svg-inline--fa fa-trash"
              />
            </div>
          </span>
          <span
            className="searchlist-row "
          >
            <span
              onClick={[Function]}
            >
              ssn
            </span>
            <div
              className="searchlist-menu"
            >
              <svg
                className="svg-inline--fa fa-trash"
              />
            </div>
          </span>
          <span
            className="searchlist-row "
          >
            <span
              onClick={[Function]}
            >
              Frigate
            </span>
            <div
              className="searchlist-menu"
            >
              <svg
                className="svg-inline--fa fa-trash"
              />
            </div>
          </span>
          <span
            className="searchlist-row "
          >
            <span
              onClick={[Function]}
            >
              Boghammer
            </span>
            <div
              className="searchlist-menu"
            >
              <svg
                className="svg-inline--fa fa-trash"
              />
            </div>
          </span>
          <span
            className="searchlist-row "
          >
            <span
              onClick={[Function]}
            >
              torpedo
            </span>
            <div
              className="searchlist-menu"
            >
              <svg
                className="svg-inline--fa fa-trash"
              />
            </div>
          </span>
          <span
            className="searchlist-row "
          >
            <span
              onClick={[Function]}
            >
              Fast attack craft
            </span>
            <div
              className="searchlist-menu"
            >
              <svg
                className="svg-inline--fa fa-trash"
              />
            </div>
          </span>
          <span
            className="searchlist-row "
          >
            <span
              onClick={[Function]}
            >
              MCMV
            </span>
            <div
              className="searchlist-menu"
            >
              <svg
                className="svg-inline--fa fa-trash"
              />
            </div>
          </span>
          <span
            className="searchlist-row "
          >
            <span
              onClick={[Function]}
            >
              Helicopter
            </span>
            <div
              className="searchlist-menu"
            >
              <svg
                className="svg-inline--fa fa-trash"
              />
            </div>
          </span>
          <span
            className="searchlist-row "
          >
            <span
              onClick={[Function]}
            >
              Fixed wing aircraft
            </span>
            <div
              className="searchlist-menu"
            >
              <svg
                className="svg-inline--fa fa-trash"
              />
            </div>
          </span>
          <span
            className="searchlist-row "
          >
            <span
              onClick={[Function]}
            >
              Unmanned Airborne Vehicle
            </span>
            <div
              className="searchlist-menu"
            >
              <svg
                className="svg-inline--fa fa-trash"
              />
            </div>
          </span>
          <span
            className="searchlist-row "
          >
            <span
              onClick={[Function]}
            >
              Task Group
            </span>
            <div
              className="searchlist-menu"
            >
              <svg
                className="svg-inline--fa fa-trash"
              />
            </div>
          </span>
          <span
            className="searchlist-row "
          >
            <span
              onClick={[Function]}
            >
              Coastal radar site
            </span>
            <div
              className="searchlist-menu"
            >
              <svg
                className="svg-inline--fa fa-trash"
              />
            </div>
          </span>
          <span
            className="searchlist-row "
          >
            <span
              onClick={[Function]}
            >
              Merchant vessel
            </span>
            <div
              className="searchlist-menu"
            >
              <svg
                className="svg-inline--fa fa-trash"
              />
            </div>
          </span>
        </div>
      </div>
    </div>
  </div>
  <div
    className="right"
  />
</div>
`;
