// Jest Snapshot v1, https://goo.gl/fbAQLP

exports['Selector renders correctly 1'] = `
<section
  className="input-container"
>
  <h2>
    test
  </h2>
  <div
    className="MuiInputBase-root MuiInput-root MuiInput-underline"
    onClick={[Function]}
  >
    <div
      aria-haspopup="listbox"
      aria-labelledby="test test"
      className="MuiSelect-root MuiSelect-select MuiSelect-selectMenu MuiInputBase-input MuiInput-input"
      id="test"
      onBlur={[Function]}
      onFocus={[Function]}
      onKeyDown={[Function]}
      onMouseDown={[Function]}
      role="button"
      tabIndex={0}
    >
      <span
        dangerouslySetInnerHTML={
          Object {
            "__html": "&#8203;",
          }
        }
      />
    </div>
    <input
      onAnimationStart={[Function]}
      type="hidden"
      value="item2"
    />
    <svg
      aria-hidden="true"
      className="MuiSvgIcon-root MuiSelect-icon"
      focusable="false"
      role="presentation"
      viewBox="0 0 24 24"
    >
      <path
        d="M7 10l5 5 5-5z"
      />
    </svg>
  </div>
</section>
`
