// Jest Snapshot v1, https://goo.gl/fbAQLP

exports[`WorldState renders correctly 1`] = `
<div
  className="world-state"
>
  <h2>
    test
  </h2>
  <ul>
    <li>
      == [Under my control] ==
    </li>
    <li>
      == [Not under my control] ==
    </li>
  </ul>
</div>
`;
